\BOOKMARK [1][-]{section.1}{\376\377\000I\000n\000t\000r\000o\000d\000u\000c\000t\000i\000o\000n}{}% 1
\BOOKMARK [1][-]{section.2}{\376\377\000R\000e\000l\000a\000t\000e\000d\000\040\000W\000o\000r\000k}{}% 2
\BOOKMARK [2][-]{subsection.2.1}{\376\377\000R\000e\000t\000r\000i\000e\000v\000a\000l\000-\000A\000u\000g\000m\000e\000n\000t\000e\000d\000\040\000G\000e\000n\000e\000r\000a\000t\000i\000o\000n}{section.2}% 3
\BOOKMARK [2][-]{subsection.2.2}{\376\377\000R\000e\000c\000e\000n\000t\000\040\000A\000d\000v\000a\000n\000c\000e\000d\000\040\000R\000A\000G\000\040\000S\000y\000s\000t\000e\000m\000s}{section.2}% 4
\BOOKMARK [2][-]{subsection.2.3}{\376\377\000A\000d\000a\000p\000t\000i\000v\000e\000\040\000a\000n\000d\000\040\000R\000o\000u\000t\000i\000n\000g\000-\000B\000a\000s\000e\000d\000\040\000R\000A\000G}{section.2}% 5
\BOOKMARK [2][-]{subsection.2.4}{\376\377\000M\000e\000t\000h\000o\000d\000s\000\040\000N\000o\000t\000\040\000D\000i\000r\000e\000c\000t\000l\000y\000\040\000C\000o\000m\000p\000a\000r\000e\000d}{section.2}% 6
\BOOKMARK [2][-]{subsection.2.5}{\376\377\000C\000o\000m\000p\000a\000r\000i\000s\000o\000n\000\040\000w\000i\000t\000h\000\040\000G\000r\000a\000p\000h\000R\000A\000G}{section.2}% 7
\BOOKMARK [1][-]{section.3}{\376\377\000M\000e\000t\000h\000o\000d\000o\000l\000o\000g\000y}{}% 8
\BOOKMARK [2][-]{subsection.3.1}{\376\377\000P\000i\000p\000e\000l\000i\000n\000e\000\040\000A\000r\000c\000h\000i\000t\000e\000c\000t\000u\000r\000e\000\040\000O\000v\000e\000r\000v\000i\000e\000w}{section.3}% 9
\BOOKMARK [3][-]{subsubsection.3.1.1}{\376\377\000C\000o\000r\000p\000u\000s\000\040\000C\000o\000n\000s\000t\000r\000u\000c\000t\000i\000o\000n}{subsection.3.1}% 10
\BOOKMARK [2][-]{subsection.3.2}{\376\377\000C\000o\000-\000o\000c\000c\000u\000r\000r\000e\000n\000c\000e\000\040\000M\000o\000d\000u\000l\000e}{section.3}% 11
\BOOKMARK [2][-]{subsection.3.3}{\376\377\000S\000e\000q\000u\000e\000n\000c\000e\000\040\000M\000o\000d\000u\000l\000e}{section.3}% 12
\BOOKMARK [2][-]{subsection.3.4}{\376\377\000K\000n\000o\000w\000l\000e\000d\000g\000e\000\040\000G\000r\000a\000p\000h\000\040\000M\000o\000d\000u\000l\000e}{section.3}% 13
\BOOKMARK [3][-]{subsubsection.3.4.1}{\376\377\000G\000r\000a\000p\000h\000\040\000C\000o\000n\000s\000t\000r\000u\000c\000t\000i\000o\000n\000\040\000a\000n\000d\000\040\000D\000a\000t\000a\000\040\000S\000o\000u\000r\000c\000e\000s}{subsection.3.4}% 14
\BOOKMARK [3][-]{subsubsection.3.4.2}{\376\377\000E\000n\000t\000i\000t\000y\000\040\000L\000i\000n\000k\000i\000n\000g}{subsection.3.4}% 15
\BOOKMARK [3][-]{subsubsection.3.4.3}{\376\377\000O\000W\000L\000\040\0002\000\040\000R\000L\000\040\000O\000n\000t\000o\000l\000o\000g\000y\000\040\000a\000n\000d\000\040\000M\000a\000t\000e\000r\000i\000a\000l\000i\000z\000a\000t\000i\000o\000n}{subsection.3.4}% 16
\BOOKMARK [2][-]{subsection.3.5}{\376\377\000T\000w\000o\000-\000S\000t\000a\000g\000e\000\040\000T\000r\000a\000i\000n\000i\000n\000g\000\040\000P\000i\000p\000e\000l\000i\000n\000e}{section.3}% 17
\BOOKMARK [3][-]{subsubsection.3.5.1}{\376\377\000T\000h\000r\000e\000e\000-\000M\000o\000d\000u\000l\000e\000\040\000A\000r\000c\000h\000i\000t\000e\000c\000t\000u\000r\000e}{subsection.3.5}% 18
\BOOKMARK [3][-]{subsubsection.3.5.2}{\376\377\000S\000t\000a\000g\000e\000\040\0001\000:\000\040\000C\000o\000n\000t\000r\000a\000s\000t\000i\000v\000e\000\040\000G\000a\000t\000i\000n\000g\000\040\000T\000r\000a\000i\000n\000i\000n\000g}{subsection.3.5}% 19
\BOOKMARK [3][-]{subsubsection.3.5.3}{\376\377\000S\000t\000a\000g\000e\000\040\0002\000:\000\040\000C\000r\000o\000s\000s\000-\000A\000t\000t\000e\000n\000t\000i\000o\000n\000\040\000F\000i\000n\000e\000-\000t\000u\000n\000i\000n\000g\000\040\000w\000i\000t\000h\000\040\000G\000e\000n\000e\000r\000a\000t\000i\000o\000n\000\040\000L\000o\000s\000s}{subsection.3.5}% 20
\BOOKMARK [3][-]{subsubsection.3.5.4}{\376\377\000C\000o\000m\000p\000u\000t\000e\000\040\000B\000r\000e\000a\000k\000d\000o\000w\000n}{subsection.3.5}% 21
\BOOKMARK [3][-]{subsubsection.3.5.5}{\376\377\000T\000r\000a\000i\000n\000i\000n\000g\000-\000I\000n\000f\000e\000r\000e\000n\000c\000e\000\040\000M\000o\000d\000e\000l\000\040\000T\000r\000a\000n\000s\000f\000e\000r}{subsection.3.5}% 22
\BOOKMARK [2][-]{subsection.3.6}{\376\377\000B\000i\000d\000i\000r\000e\000c\000t\000i\000o\000n\000a\000l\000\040\000C\000r\000o\000s\000s\000-\000A\000t\000t\000e\000n\000t\000i\000o\000n\000\040\000M\000e\000c\000h\000a\000n\000i\000s\000m\000\040\000\050\000M\000o\000d\000u\000l\000e\000\040\000A\000\051}{section.3}% 23
\BOOKMARK [2][-]{subsection.3.7}{\376\377\000G\000a\000t\000i\000n\000g\000\040\000M\000e\000c\000h\000a\000n\000i\000s\000m\000:\000\040\000T\000w\000o\000-\000L\000e\000v\000e\000l\000\040\000S\000c\000o\000r\000i\000n\000g\000\040\000\050\000M\000o\000d\000u\000l\000e\000\040\000B\000\051}{section.3}% 24
\BOOKMARK [3][-]{subsubsection.3.7.1}{\376\377\000R\000e\000l\000e\000v\000a\000n\000c\000e\000\040\000T\000h\000r\000e\000s\000h\000o\000l\000d\000\040\000S\000e\000n\000s\000i\000t\000i\000v\000i\000t\000y}{subsection.3.7}% 25
\BOOKMARK [1][-]{section.4}{\376\377\000E\000x\000p\000e\000r\000i\000m\000e\000n\000t\000s}{}% 26
\BOOKMARK [2][-]{subsection.4.1}{\376\377\000E\000x\000p\000e\000r\000i\000m\000e\000n\000t\000a\000l\000\040\000S\000e\000t\000u\000p}{section.4}% 27
\BOOKMARK [3][-]{subsubsection.4.1.1}{\376\377\000L\000L\000M\000\040\000B\000a\000c\000k\000b\000o\000n\000e}{subsection.4.1}% 28
\BOOKMARK [3][-]{subsubsection.4.1.2}{\376\377\000B\000e\000n\000c\000h\000m\000a\000r\000k\000s}{subsection.4.1}% 29
\BOOKMARK [3][-]{subsubsection.4.1.3}{\376\377\000E\000v\000a\000l\000u\000a\000t\000i\000o\000n\000\040\000M\000e\000t\000r\000i\000c\000s}{subsection.4.1}% 30
\BOOKMARK [3][-]{subsubsection.4.1.4}{\376\377\000G\000e\000n\000e\000r\000a\000t\000o\000r\000\040\000P\000a\000r\000i\000t\000y\000\040\000S\000t\000a\000t\000e\000m\000e\000n\000t}{subsection.4.1}% 31
\BOOKMARK [3][-]{subsubsection.4.1.5}{\376\377\000D\000a\000t\000a\000\040\000L\000e\000a\000k\000a\000g\000e\000\040\000M\000i\000t\000i\000g\000a\000t\000i\000o\000n}{subsection.4.1}% 32
\BOOKMARK [2][-]{subsection.4.2}{\376\377\000M\000a\000i\000n\000\040\000R\000e\000s\000u\000l\000t\000s}{section.4}% 33
\BOOKMARK [2][-]{subsection.4.3}{\376\377\000B\000a\000s\000e\000l\000i\000n\000e\000\040\000N\000a\000t\000i\000v\000e\000\040\000C\000o\000n\000f\000i\000g\000u\000r\000a\000t\000i\000o\000n\000\040\000C\000o\000m\000p\000a\000r\000i\000s\000o\000n}{section.4}% 34
\BOOKMARK [2][-]{subsection.4.4}{\376\377\000C\000l\000o\000s\000e\000d\000-\000B\000o\000o\000k\000\040\000C\000o\000n\000t\000r\000o\000l\000\040\000E\000x\000p\000e\000r\000i\000m\000e\000n\000t}{section.4}% 35
\BOOKMARK [2][-]{subsection.4.5}{\376\377\000C\000o\000m\000p\000r\000e\000h\000e\000n\000s\000i\000v\000e\000\040\000A\000b\000l\000a\000t\000i\000o\000n\000\040\000S\000t\000u\000d\000i\000e\000s}{section.4}% 36
\BOOKMARK [3][-]{subsubsection.4.5.1}{\376\377\000G\000a\000t\000i\000n\000g\000\040\000M\000e\000c\000h\000a\000n\000i\000s\000m\000\040\000A\000b\000l\000a\000t\000i\000o\000n}{subsection.4.5}% 37
\BOOKMARK [3][-]{subsubsection.4.5.2}{\376\377\000C\000r\000o\000s\000s\000-\000A\000t\000t\000e\000n\000t\000i\000o\000n\000\040\000F\000u\000s\000i\000o\000n\000\040\000A\000b\000l\000a\000t\000i\000o\000n}{subsection.4.5}% 38
\BOOKMARK [3][-]{subsubsection.4.5.3}{\376\377\000K\000G\000\040\000S\000o\000u\000r\000c\000e\000\040\000A\000b\000l\000a\000t\000i\000o\000n}{subsection.4.5}% 39
\BOOKMARK [3][-]{subsubsection.4.5.4}{\376\377\000C\000o\000-\000o\000c\000c\000u\000r\000r\000e\000n\000c\000e\000\040\000S\000e\000n\000s\000i\000t\000i\000v\000i\000t\000y}{subsection.4.5}% 40
\BOOKMARK [3][-]{subsubsection.4.5.5}{\376\377\000S\000o\000u\000r\000c\000e\000\040\000C\000o\000m\000b\000i\000n\000a\000t\000i\000o\000n\000\040\000A\000b\000l\000a\000t\000i\000o\000n}{subsection.4.5}% 41
\BOOKMARK [2][-]{subsection.4.6}{\376\377\000F\000R\000A\000M\000E\000S\000\040\000B\000e\000n\000c\000h\000m\000a\000r\000k\000\040\000R\000e\000s\000u\000l\000t\000s}{section.4}% 42
\BOOKMARK [2][-]{subsection.4.7}{\376\377\000L\000a\000t\000e\000n\000c\000y\000\040\000C\000o\000m\000p\000a\000r\000i\000s\000o\000n}{section.4}% 43
\BOOKMARK [1][-]{section.5}{\376\377\000D\000i\000s\000c\000u\000s\000s\000i\000o\000n}{}% 44
\BOOKMARK [2][-]{subsection.5.1}{\376\377\000W\000h\000y\000\040\000T\000w\000o\000-\000S\000t\000a\000g\000e\000\040\000T\000r\000a\000i\000n\000i\000n\000g\000\040\000W\000o\000r\000k\000s}{section.5}% 45
\BOOKMARK [2][-]{subsection.5.2}{\376\377\000W\000h\000y\000\040\000M\000o\000d\000u\000l\000e\000\040\000C\000\040\000D\000o\000e\000s\000n\000'\000t\000\040\000T\000r\000a\000n\000s\000f\000e\000r}{section.5}% 46
\BOOKMARK [2][-]{subsection.5.3}{\376\377\000L\000i\000m\000i\000t\000a\000t\000i\000o\000n\000s}{section.5}% 47
\BOOKMARK [1][-]{section.6}{\376\377\000C\000o\000n\000c\000l\000u\000s\000i\000o\000n}{}% 48
\BOOKMARK [1][-]{appendix.A}{\376\377\000R\000e\000p\000r\000o\000d\000u\000c\000t\000i\000o\000n\000\040\000G\000u\000i\000d\000e}{}% 49
\BOOKMARK [2][-]{subsection.A.1}{\376\377\000T\000w\000o\000-\000S\000t\000a\000g\000e\000\040\000T\000r\000a\000i\000n\000i\000n\000g}{appendix.A}% 50
\BOOKMARK [1][-]{appendix.B}{\376\377\000C\000o\000s\000t\000\040\000S\000u\000m\000m\000a\000r\000y}{}% 51
\BOOKMARK [1][-]{appendix.C}{\376\377\000A\000d\000d\000i\000t\000i\000o\000n\000a\000l\000\040\000A\000b\000l\000a\000t\000i\000o\000n\000s}{}% 52
\BOOKMARK [2][-]{subsection.C.1}{\376\377\000T\000r\000a\000i\000n\000i\000n\000g\000\040\000S\000t\000a\000g\000e\000\040\000A\000b\000l\000a\000t\000i\000o\000n}{appendix.C}% 53
